// Jest Snapshot v1, https://goo.gl/fbAQLP

exports[`CardContainer should match the snapshop 1`] = `
<div>
  <div
    className="movie-container"
  >
    <Card
      className="movie-card"
    />
    <Card
      className="movie-card"
    />
  </div>
  <div
    className="music-container"
  >
    <Card
      className="music-card"
    />
    <Card
      className="music-card"
    />
  </div>
  <div
    className="tv-container"
  >
    <Card
      className="tv-card"
    />
    <Card
      className="tv-card"
    />
  </div>
</div>
`;
